// Jest Snapshot v1, https://goo.gl/fbAQLP

exports[`NoRecord Component NoRecord  toMatchSnapshot 1`] = `
<View
  style={
    Array [
      Object {
        "alignItems": "center",
        "flex": 1,
        "justifyContent": "center",
      },
      undefined,
    ]
  }
>
  <Text
    style={
      Array [
        Object {
          "fontSize": 37.5,
        },
        undefined,
      ]
    }
  >
    No Record Found
  </Text>
</View>
`;
